2025-04-26 03:13:46,589 - INFO - Starting environment...
2025-04-26 03:13:47,143 - ERROR - Command failed: no configuration file provided: not found

2025-04-26 03:13:47,143 - ERROR - Test failed: Command 'docker-compose up -d' returned non-zero exit status 14.
2025-04-26 03:13:47,201 - ERROR - Command failed: no configuration file provided: not found

2025-04-26 03:13:47,201 - ERROR - Cleanup failed: Command 'docker-compose down -v' returned non-zero exit status 14.
2025-04-26 03:14:04,879 - INFO - Starting environment...
2025-04-26 03:14:06,275 - ERROR - Command failed: time="2025-04-26T03:14:05-07:00" level=warning msg="/Users/almorris/btc-koii/docker-compose.yml: the attribute `version` is obsolete, it will be ignored, please remove it to avoid potential confusion"
 Service miner  Building
failed to solve: failed to compute cache key: failed to calculate checksum of ref otp3vv3lp3cppuj5qn994r8fs::33s8fggn8f145iiug5s7iu4cj: "/config/bitcoin.conf": not found

2025-04-26 03:14:06,275 - ERROR - Test failed: Command 'docker-compose up -d' returned non-zero exit status 17.
2025-04-26 03:14:06,361 - INFO - Cleanup completed successfully
2025-04-26 03:14:33,972 - INFO - Starting environment...
2025-04-26 03:15:13,452 - ERROR - Command failed: time="2025-04-26T03:14:34-07:00" level=warning msg="/Users/almorris/btc-koii/docker-compose.yml: the attribute `version` is obsolete, it will be ignored, please remove it to avoid potential confusion"
 Service miner  Building
 Service miner  Built
 Network btc-koii_default  Creating
 Network btc-koii_default  Created
 Container btc-koii-miner-1  Creating
 Container btc-koii-miner-1  Created
 Container btc-koii-miner-1  Starting
Error response from daemon: something went wrong with the request: "proxy already running\n"

2025-04-26 03:15:13,453 - ERROR - Test failed: Command 'docker-compose up -d' returned non-zero exit status 1.
2025-04-26 03:15:13,579 - INFO - Cleanup completed successfully
2025-04-26 03:15:32,545 - INFO - Starting environment...
2025-04-26 03:15:32,782 - ERROR - Command failed: time="2025-04-26T03:15:32-07:00" level=warning msg="/Users/almorris/btc-koii/docker-compose.yml: the attribute `version` is obsolete, it will be ignored, please remove it to avoid potential confusion"
 Network btc-koii_default  Creating
 Network btc-koii_default  Created
 Container btc-koii-miner-1  Creating
 Container btc-koii-miner-1  Created
 Container btc-koii-miner-1  Starting
Error response from daemon: something went wrong with the request: "proxy already running\n"

2025-04-26 03:15:32,782 - ERROR - Test failed: Command 'docker-compose up -d' returned non-zero exit status 1.
2025-04-26 03:15:32,878 - INFO - Cleanup completed successfully
2025-04-26 03:15:53,523 - INFO - Starting environment...
2025-04-26 03:16:03,962 - INFO - Health check response: {'components': {'api': True, 'metrics': True, 'miner': True, 'share_collection': True}, 'status': 'healthy', 'uptime': 9.859272956848145}
2025-04-26 03:16:03,962 - INFO - Health check passed
2025-04-26 03:16:03,978 - INFO - Audit response: {'recent_shares': [], 'statistics': {'invalid_shares': None, 'total_shares': 0, 'unique_workers': 0, 'valid_shares': None}}
2025-04-26 03:16:03,978 - ERROR - Test failed: '>' not supported between instances of 'NoneType' and 'int'
2025-04-26 03:16:14,522 - INFO - Cleanup completed successfully
2025-04-26 03:16:28,126 - INFO - Starting environment...
2025-04-26 03:16:38,612 - INFO - Health check response: {'components': {'api': True, 'metrics': True, 'miner': True, 'share_collection': True}, 'status': 'healthy', 'uptime': 9.88460898399353}
2025-04-26 03:16:38,613 - INFO - Health check passed
2025-04-26 03:16:38,621 - INFO - Audit response: {'recent_shares': [], 'statistics': {'invalid_shares': None, 'total_shares': 0, 'unique_workers': 0, 'valid_shares': None}}
2025-04-26 03:16:38,621 - INFO - Waiting for success condition...
2025-04-26 03:16:48,639 - INFO - Audit response: {'recent_shares': [], 'statistics': {'invalid_shares': None, 'total_shares': 0, 'unique_workers': 0, 'valid_shares': None}}
2025-04-26 03:16:48,640 - INFO - Waiting for success condition...
2025-04-26 03:16:58,659 - INFO - Audit response: {'recent_shares': [], 'statistics': {'invalid_shares': None, 'total_shares': 0, 'unique_workers': 0, 'valid_shares': None}}
2025-04-26 03:16:58,659 - INFO - Waiting for success condition...
2025-04-26 03:17:08,681 - INFO - Audit response: {'recent_shares': [], 'statistics': {'invalid_shares': None, 'total_shares': 0, 'unique_workers': 0, 'valid_shares': None}}
2025-04-26 03:17:08,682 - INFO - Waiting for success condition...
2025-04-26 03:17:18,703 - INFO - Audit response: {'recent_shares': [], 'statistics': {'invalid_shares': None, 'total_shares': 0, 'unique_workers': 0, 'valid_shares': None}}
2025-04-26 03:17:18,704 - INFO - Waiting for success condition...
2025-04-26 03:17:28,720 - INFO - Audit response: {'recent_shares': [], 'statistics': {'invalid_shares': None, 'total_shares': 0, 'unique_workers': 0, 'valid_shares': None}}
2025-04-26 03:17:28,720 - INFO - Waiting for success condition...
2025-04-26 03:17:38,743 - INFO - Audit response: {'recent_shares': [], 'statistics': {'invalid_shares': None, 'total_shares': 0, 'unique_workers': 0, 'valid_shares': None}}
2025-04-26 03:17:38,743 - INFO - Waiting for success condition...
2025-04-26 03:17:48,764 - INFO - Audit response: {'recent_shares': [], 'statistics': {'invalid_shares': None, 'total_shares': 0, 'unique_workers': 0, 'valid_shares': None}}
2025-04-26 03:17:48,765 - INFO - Waiting for success condition...
2025-04-26 03:17:58,785 - INFO - Audit response: {'recent_shares': [], 'statistics': {'invalid_shares': None, 'total_shares': 0, 'unique_workers': 0, 'valid_shares': None}}
2025-04-26 03:17:58,785 - INFO - Waiting for success condition...
2025-04-26 03:18:08,806 - INFO - Audit response: {'recent_shares': [], 'statistics': {'invalid_shares': None, 'total_shares': 0, 'unique_workers': 0, 'valid_shares': None}}
2025-04-26 03:18:08,806 - INFO - Waiting for success condition...
2025-04-26 03:18:18,822 - INFO - Audit response: {'recent_shares': [], 'statistics': {'invalid_shares': None, 'total_shares': 0, 'unique_workers': 0, 'valid_shares': None}}
2025-04-26 03:18:18,823 - INFO - Waiting for success condition...
2025-04-26 03:18:28,837 - INFO - Audit response: {'recent_shares': [], 'statistics': {'invalid_shares': None, 'total_shares': 0, 'unique_workers': 0, 'valid_shares': None}}
2025-04-26 03:18:28,838 - INFO - Waiting for success condition...
2025-04-26 03:18:38,860 - INFO - Audit response: {'recent_shares': [], 'statistics': {'invalid_shares': None, 'total_shares': 0, 'unique_workers': 0, 'valid_shares': None}}
2025-04-26 03:18:38,861 - INFO - Waiting for success condition...
2025-04-26 03:18:48,883 - INFO - Audit response: {'recent_shares': [], 'statistics': {'invalid_shares': None, 'total_shares': 0, 'unique_workers': 0, 'valid_shares': None}}
2025-04-26 03:18:48,883 - INFO - Waiting for success condition...
2025-04-26 03:18:58,894 - INFO - Audit response: {'recent_shares': [], 'statistics': {'invalid_shares': None, 'total_shares': 0, 'unique_workers': 0, 'valid_shares': None}}
2025-04-26 03:18:58,894 - INFO - Waiting for success condition...
2025-04-26 03:19:08,910 - INFO - Audit response: {'recent_shares': [], 'statistics': {'invalid_shares': None, 'total_shares': 0, 'unique_workers': 0, 'valid_shares': None}}
2025-04-26 03:19:08,910 - INFO - Waiting for success condition...
2025-04-26 03:19:18,920 - INFO - Audit response: {'recent_shares': [], 'statistics': {'invalid_shares': None, 'total_shares': 0, 'unique_workers': 0, 'valid_shares': None}}
2025-04-26 03:19:18,924 - INFO - Waiting for success condition...
2025-04-26 03:19:28,941 - INFO - Audit response: {'recent_shares': [], 'statistics': {'invalid_shares': None, 'total_shares': 0, 'unique_workers': 0, 'valid_shares': None}}
2025-04-26 03:19:28,942 - INFO - Waiting for success condition...
2025-04-26 03:19:38,959 - INFO - Audit response: {'recent_shares': [], 'statistics': {'invalid_shares': None, 'total_shares': 0, 'unique_workers': 0, 'valid_shares': None}}
2025-04-26 03:19:38,960 - INFO - Waiting for success condition...
2025-04-26 03:19:48,977 - INFO - Audit response: {'recent_shares': [], 'statistics': {'invalid_shares': None, 'total_shares': 0, 'unique_workers': 0, 'valid_shares': None}}
2025-04-26 03:19:48,977 - INFO - Waiting for success condition...
2025-04-26 03:19:58,993 - INFO - Audit response: {'recent_shares': [], 'statistics': {'invalid_shares': None, 'total_shares': 0, 'unique_workers': 0, 'valid_shares': None}}
2025-04-26 03:19:58,993 - INFO - Waiting for success condition...
2025-04-26 03:20:09,014 - INFO - Audit response: {'recent_shares': [], 'statistics': {'invalid_shares': None, 'total_shares': 0, 'unique_workers': 0, 'valid_shares': None}}
2025-04-26 03:20:09,014 - INFO - Waiting for success condition...
2025-04-26 03:20:19,032 - INFO - Audit response: {'recent_shares': [], 'statistics': {'invalid_shares': None, 'total_shares': 0, 'unique_workers': 0, 'valid_shares': None}}
2025-04-26 03:20:19,033 - INFO - Waiting for success condition...
2025-04-26 03:20:29,049 - INFO - Audit response: {'recent_shares': [], 'statistics': {'invalid_shares': None, 'total_shares': 0, 'unique_workers': 0, 'valid_shares': None}}
2025-04-26 03:20:29,050 - INFO - Waiting for success condition...
2025-04-26 03:20:39,065 - INFO - Audit response: {'recent_shares': [], 'statistics': {'invalid_shares': None, 'total_shares': 0, 'unique_workers': 0, 'valid_shares': None}}
2025-04-26 03:20:39,065 - INFO - Waiting for success condition...
2025-04-26 03:20:49,079 - INFO - Audit response: {'recent_shares': [], 'statistics': {'invalid_shares': None, 'total_shares': 0, 'unique_workers': 0, 'valid_shares': None}}
2025-04-26 03:20:49,079 - INFO - Waiting for success condition...
2025-04-26 03:20:59,099 - INFO - Audit response: {'recent_shares': [], 'statistics': {'invalid_shares': None, 'total_shares': 0, 'unique_workers': 0, 'valid_shares': None}}
2025-04-26 03:20:59,099 - INFO - Waiting for success condition...
2025-04-26 03:21:09,117 - INFO - Audit response: {'recent_shares': [], 'statistics': {'invalid_shares': None, 'total_shares': 0, 'unique_workers': 0, 'valid_shares': None}}
2025-04-26 03:21:09,118 - INFO - Waiting for success condition...
2025-04-26 03:21:19,131 - INFO - Audit response: {'recent_shares': [], 'statistics': {'invalid_shares': None, 'total_shares': 0, 'unique_workers': 0, 'valid_shares': None}}
2025-04-26 03:21:19,131 - INFO - Waiting for success condition...
2025-04-26 03:21:29,148 - INFO - Audit response: {'recent_shares': [], 'statistics': {'invalid_shares': None, 'total_shares': 0, 'unique_workers': 0, 'valid_shares': None}}
2025-04-26 03:21:29,149 - INFO - Waiting for success condition...
2025-04-26 03:21:39,154 - ERROR - Success check timeout
2025-04-26 03:21:49,920 - INFO - Cleanup completed successfully
